...............................................................................................................................................
...............................................................................................................................................
...............................................................................................................................................
...............................................................................................................................................
...............................................................................................................................................
...............................................................................................................................................
...............................................................................................................................................
...............................................................................................................................................
...............................................................................................................................................
...............................................................................................................................................
...............................................................................................................................................
...............................................................................................................................................
...............................................................................................................................................
...............................................................................................................................................
...............................................................................................................................................
............................abbabbabbabbabbabbabbabbabbabbabbabbabbabbabbabbabbabbabbabbabbabbabbabbabbabbabbabbabc............................
............................deedeedeedeedeedeedeedeedeedeedeedeedeedeedeedeedeedeedeedeedeedeedeedeedeedeedeedeedef............................
..........................g.........................................................................................h..........................
..........................i.........................................................................................i..........................
..........................i.........................................................................................i..........................
..........................i.........................................................................................i..........................
..........................i.........................................................................................i..........................
..........................i.........................................................................................i..........................
..........................i.........................................................................................i..........................
..........................i.........................................................................................i..........................
..........................i.........................................................................................i..........................
..........................i.........................................................................................i..........................
..........................i.........................................................................................i..........................
..........................i.........................................................................................i..........................
..........................i.........................................................................................i..........................
..........................i.........................................................................................i..........................
..........................i.........................................................................................i..........................
..........................i.........................................................................................i..........................
..........................i.........................................................................................i..........................
..........................i.........................................................................................i..........................
..........................i.........................................................................................i..........................
..........................i.........................................................................................i..........................
..........................i.........................................................................................i..........................
..........................i.........................................................................................i..........................
..........................i.........................................................................................i..........................
..........................i.........................................................................................i..........................
..........................i.........................................................................................i..........................
..........................i.........................................................................................i..........................
..........................i.........................................................................................i..........................
..........................i.........................................................................................i..........................
..........................i.........................................................................................i..........................
..........................i.........................................................................................i..........................
..........................i.........................................................................................i..........................
..........................i.........................................................................................i..........................
..........................i.........................................................................................i..........................
..........................i.........................................................................................i..........................
..........................i.........................................................................................i..........................
..........................i.........................................................................................i..........................
..........................i.........................................................................................i..........................
..........................i.........................................................................................i..........................
..........................i.........................................................................................i..........................
..........................i.........................................................................................i..........................
..........................i.........................................................................................i..........................
..........................i.........................................................................................i..........................
..........................i.........................................................................................i..........................
..........................i.........................................................................................i..........................
..........................i.........................................................................................i..........................
..........................i.........................................................................................i..........................
..........................i.........................................................................................i..........................
..........................i.........................................................................................i..........................
..........................i.........................................................................................i..........................
..........................i.........................................................................................i..........................
..........................i.........................................................................................i..........................
..........................i.........................................................................................i..........................
..........................i.........................................................................................i..........................
..........................i.........................................................................................i..........................
..........................i.........................................................................................i..........................
..........................i.........................................................................................i..........................
..........................i.........................................................................................i..........................
..........................i.........................................................................................i..........................
..........................i.........................................................................................i..........................
..........................i.........................................................................................i..........................
..........................i.........................................................................................i..........................
..........................i.........................................................................................i..........................
..........................i.........................................................................................i..........................
..........................i.........................................................................................i..........................
..........................i.........................................................................................i..........................
..........................i.........................................................................................i..........................
..........................i.........................................................................................i..........................
............................abbabbabbabbabbabbabbabbabbabbabbabbabbabbabbabbabbabbabbabbabbabbabbabbabbabbabbabbabc............................
............................deedeedeedeedeedeedeedeedeedeedeedeedeedeedeedeedeedeedeedeedeedeedeedeedeedeedeedeedef............................
...............................................................................................................................................
...............................................................................................................................................
...............................................................................................................................................
...............................................................................................................................................
...............................................................................................................................................
...............................................................................................................................................
...............................................................................................................................................
...............................................................................................................................................
...............................................................................................................................................
...............................................................................................................................................
...............................................................................................................................................
...............................................................................................................................................